<html>
<body>
<pre>
<h1>µVision Build Log</h1>
<h2>Tool Versions:</h2>
IDE-Version: £gVision V5.24.2.0
Copyright (C) 2017 ARM Ltd and ARM Germany GmbH. All rights reserved.
License Information: FCU WeiKai, FCU, LIC=----
 
Tool Versions:
Toolchain:       MDK-Lite  Version: 5.24.1
Toolchain Path:  C:\Keil_v5\ARM\ARMCC\Bin
C Compiler:      Armcc.exe V5.06 update 5 (build 528)
Assembler:       Armasm.exe V5.06 update 5 (build 528)
Linker/Locator:  ArmLink.exe V5.06 update 5 (build 528)
Library Manager: ArmAr.exe V5.06 update 5 (build 528)
Hex Converter:   FromElf.exe V5.06 update 5 (build 528)
CPU DLL:         SARMCM3.DLL V5.24.1
Dialog DLL:      DARMCM1.DLL V1.18.0.0
Target DLL:      Nu_Link.dll V3.02
Dialog DLL:      TARMCM1.DLL V1.13.0.0
 
<h2>Project:</h2>
C:\Users\WeiKai\Desktop\·L³B²z¾÷\LAB_2\Sample_Code_From_Company\GPIO_7seg\KEIL\Nu-LB-NUC140_7seg.uvproj
Project File Date:  09/20/2023

<h2>Output:</h2>
*** Using Compiler 'V5.06 update 5 (build 528)', folder: 'C:\Keil_v5\ARM\ARMCC\Bin'
Rebuild target 'GPIO'
creating preprocessor file for system_NUC100Series.c...
assembling startup_NUC100Series.s...
creating preprocessor file for clk.c...
creating preprocessor file for gpio.c...
compiling system_NUC100Series.c...
creating preprocessor file for main.c...
compiling clk.c...
compiling gpio.c...
creating preprocessor file for Seven_Segment.c...
creating preprocessor file for SYS_init.c...
compiling main.c...
compiling Seven_Segment.c...
compiling SYS_init.c...
linking...
Program Size: Code=1704 RO-data=224 RW-data=60 ZI-data=1028  
After Build - User command #1: fromelf --bin ".\obj\GPIO_7seg.axf" --output ".\obj\GPIO_7seg.bin"
After Build - User command #2: fromelf --text -c ".\obj\GPIO_7seg.axf" --output ".\obj\GPIO_7seg.txt"
".\obj\GPIO_7seg.axf" - 0 Error(s), 0 Warning(s).
Build Time Elapsed:  00:00:04
</pre>
</body>
</html>
