<html>
<body>
<pre>
<h1>µVision Build Log</h1>
<h2>Tool Versions:</h2>
IDE-Version: £gVision V5.35.0.0
Copyright (C) 2021 ARM Ltd and ARM Germany GmbH. All rights reserved.
License Information:  ,  , LIC=----
 
Tool Versions:
Toolchain:       MDK-Lite  Version: 5.35.0.2
Toolchain Path:  C:\Keil_v5\ARM\ARMCC\Bin
C Compiler:      Armcc.exe V5.06 update 7 (build 960)
Assembler:       Armasm.exe V5.06 update 7 (build 960)
Linker/Locator:  ArmLink.exe V5.06 update 7 (build 960)
Library Manager: ArmAr.exe V5.06 update 7 (build 960)
Hex Converter:   FromElf.exe V5.06 update 7 (build 960)
CPU DLL:         SARMCM3.DLL V5.35.0.2
Dialog DLL:      DARMCM1.DLL V1.19.4.0
Target DLL:      Nu_Link.dll V3.07
Dialog DLL:      TARMCM1.DLL V1.14.4.0
 
<h2>Project:</h2>
C:\Users\User\Desktop\onsite3\onsite3\onsite3\onsite3-1 - ½Æ»s\SampleCode\Nu-LB-NUC140\lab11_2\KEIL\Nu-LB-NUC140_IMU.uvproj
Project File Date:  12/18/2023

<h2>Output:</h2>
*** Using Compiler 'V5.06 update 7 (build 960)', folder: 'C:\Keil_v5\ARM\ARMCC\Bin'
Rebuild target 'IMU'
Clean started - Project: 'Nu-LB-NUC140_IMU'
   deleting intermediate output files for target 'IMU'
creating preprocessor file for system_NUC100Series.c...
compiling system_NUC100Series.c...
assembling startup_NUC100Series.s...
creating preprocessor file for clk.c...
compiling clk.c...
creating preprocessor file for spi.c...
compiling spi.c...
creating preprocessor file for gpio.c...
compiling gpio.c...
creating preprocessor file for sys.c...
compiling sys.c...
creating preprocessor file for timer.c...
compiling timer.c...
creating preprocessor file for i2c.c...
compiling i2c.c...
creating preprocessor file for pwm.c...
compiling pwm.c...
creating preprocessor file for adc.c...
compiling adc.c...
creating preprocessor file for uart.c...
compiling uart.c...
creating preprocessor file for main.c...
compiling main.c...
..\main.c(150): warning:  #167-D: argument of type "volatile char *" is incompatible with parameter of type "uint8_t *"
                UART_Read(UART0,RX_buffer,1);
..\main.c(148): warning:  #177-D: variable "c"  was declared but never referenced
        uint8_t c;
..\main.c(190): warning:  #167-D: argument of type "volatile char *" is incompatible with parameter of type "char *restrict"
        sprintf(TX_buffer, "%03d\n",(u32ADCvalue/43));//(u32ADCvalue*96/4096)
..\main.c(203): warning:  #167-D: argument of type "volatile char *" is incompatible with parameter of type "uint8_t *"
                        UART_Write(UART0, TX_buffer, 1);
..\main.c(215): warning:  #223-D: function "OpenKeyPad" declared implicitly
                OpenKeyPad();
..\main.c(304): warning:  #177-D: variable "i"  was declared but never referenced
        int i = 0;
..\main.c: 6 warnings, 0 errors
creating preprocessor file for LCD.c...
compiling LCD.c...
creating preprocessor file for SYS_init.c...
compiling SYS_init.c...
creating preprocessor file for Seven_Segment.c...
compiling Seven_Segment.c...
creating preprocessor file for I2Cdev.c...
compiling I2Cdev.c...
creating preprocessor file for MPU6050.c...
compiling MPU6050.c...
creating preprocessor file for Draw2D.c...
compiling Draw2D.c...
creating preprocessor file for Scankey.c...
compiling Scankey.c...
linking...
Program Size: Code=6876 RO-data=560 RW-data=204 ZI-data=2076  
".\obj\I2C_IMU_Tilt.axf" - 0 Error(s), 6 Warning(s).

*** Performing Cross-Module-Optimization:
compiling system_NUC100Series.c...
compiling clk.c...
compiling spi.c...
compiling gpio.c...
compiling sys.c...
compiling timer.c...
compiling i2c.c...
compiling pwm.c...
compiling adc.c...
compiling uart.c...
compiling main.c...
..\main.c(150): warning:  #167-D: argument of type "volatile char *" is incompatible with parameter of type "uint8_t *"
                UART_Read(UART0,RX_buffer,1);
..\main.c(148): warning:  #177-D: variable "c"  was declared but never referenced
        uint8_t c;
..\main.c(190): warning:  #167-D: argument of type "volatile char *" is incompatible with parameter of type "char *restrict"
        sprintf(TX_buffer, "%03d\n",(u32ADCvalue/43));//(u32ADCvalue*96/4096)
..\main.c(203): warning:  #167-D: argument of type "volatile char *" is incompatible with parameter of type "uint8_t *"
                        UART_Write(UART0, TX_buffer, 1);
..\main.c(215): warning:  #223-D: function "OpenKeyPad" declared implicitly
                OpenKeyPad();
..\main.c(304): warning:  #177-D: variable "i"  was declared but never referenced
        int i = 0;
..\main.c: 6 warnings, 0 errors
compiling LCD.c...
compiling SYS_init.c...
compiling Seven_Segment.c...
compiling I2Cdev.c...
compiling MPU6050.c...
compiling Draw2D.c...
compiling Scankey.c...
linking...
Program Size: Code=6876 RO-data=560 RW-data=204 ZI-data=2076  
After Build - User command #1: fromelf --bin ".\obj\I2C_IMU_Tilt.axf" --output ".\obj\I2C_IMU_Tilt.bin"
After Build - User command #2: fromelf --text -c ".\obj\I2C_IMU_Tilt.axf" --output ".\obj\I2C_IMU_Tilt.txt"
".\obj\I2C_IMU_Tilt.axf" - 0 Error(s), 6 Warning(s).
*** Completed Cross-Module-Optimization after 2 iteration(s).
Build Time Elapsed:  00:00:06
</pre>
</body>
</html>
