<html>
<body>
<pre>
<h1>µVision Build Log</h1>
<h2>Tool Versions:</h2>
IDE-Version: £gVision V5.24.2.0
Copyright (C) 2017 ARM Ltd and ARM Germany GmbH. All rights reserved.
License Information: a a, a, LIC=----
 
Tool Versions:
Toolchain:       MDK-Lite  Version: 5.24.1
Toolchain Path:  C:\Keil_v5\ARM\ARMCC\Bin
C Compiler:      Armcc.exe V5.06 update 5 (build 528)
Assembler:       Armasm.exe V5.06 update 5 (build 528)
Linker/Locator:  ArmLink.exe V5.06 update 5 (build 528)
Library Manager: ArmAr.exe V5.06 update 5 (build 528)
Hex Converter:   FromElf.exe V5.06 update 5 (build 528)
CPU DLL:         SARMCM3.DLL V5.24.1
Dialog DLL:      DARMCM1.DLL V1.18.0.0
Target DLL:      Nu_Link.dll V3.02
Dialog DLL:      TARMCM1.DLL V1.13.0.0
 
<h2>Project:</h2>
C:\Users\flyas\Desktop\pingpong-1\KEIL\Nu-LB-NUC140.uvproj
Project File Date:  12/25/2020

<h2>Output:</h2>
*** Using Compiler 'V5.06 update 5 (build 528)', folder: 'C:\Keil_v5\ARM\ARMCC\Bin'
Rebuild target 'Sample'
creating preprocessor file for system_NUC100Series.c...
assembling startup_NUC100Series.s...
creating preprocessor file for clk.c...
creating preprocessor file for sys.c...
compiling system_NUC100Series.c...
creating preprocessor file for adc.c...
compiling clk.c...
creating preprocessor file for spi.c...
compiling sys.c...
creating preprocessor file for gpio.c...
compiling adc.c...
creating preprocessor file for pwm.c...
compiling spi.c...
creating preprocessor file for timer.c...
compiling gpio.c...
creating preprocessor file for uart.c...
compiling pwm.c...
creating preprocessor file for main.c...
compiling timer.c...
creating preprocessor file for SYS_init.c...
compiling uart.c...
creating preprocessor file for LCD.c...
compiling main.c...
..\MCU_init.h(36): warning:  #1-D: last line of file ends without a newline
  #define PIN_UART0_TX_PB1
..\main.c(62): warning:  #177-D: variable "i"  was declared but never referenced
  	uint8_t c, i;
..\main.c(116): warning:  #167-D: argument of type "char *" is incompatible with parameter of type "uint8_t *"
  			UART_Write(
ART0, Text, 4);
..\main.c: 3 warnings, 0 errors
creating preprocessor file for Seven_Segment.c...
compiling SYS_init.c...
..\KEIL\MCU_init.h(36): warning:  #1-D: last line of file ends without a newline
  #define PIN_UART0_TX_PB1
..\Library\Nu-LB-NUC140\Source\SYS_init.c: 1 warning, 0 errors
compiling LCD.c...
compiling Seven_Segment.c...
linking...
Program Size: Code=4304 RO-data=328 RW-data=92 ZI-data=2324  
After Build - User command #1: fromelf --bin ".\obj\Sample.axf" --output ".\obj\Sample.bin"
After Build - User command #2: fromelf --text -c ".\obj\Sample.axf" --output ".\obj\Sample.txt"
".\obj\Sample.axf" - 0 Error(s), 4 Warning(s).
Build Time Elapsed:  00:00:05
</pre>
</body>
</html>
