<html>
<body>
<pre>
<h1>猩ision Build Log</h1>
<h2>Project:</h2>
C:\Users\CASE_PC\Desktop\第三次上機考\pingpong-slave\KEIL\Nu-LB-NUC140.uvproj
Project File Date:  12/29/2020

<h2>Output:</h2>
Rebuild target 'Sample'
creating preprocessor file for system_NUC100Series.c...
compiling system_NUC100Series.c...
assembling startup_NUC100Series.s...
creating preprocessor file for clk.c...
compiling clk.c...
creating preprocessor file for sys.c...
compiling sys.c...
creating preprocessor file for adc.c...
compiling adc.c...
creating preprocessor file for spi.c...
compiling spi.c...
creating preprocessor file for gpio.c...
compiling gpio.c...
creating preprocessor file for pwm.c...
compiling pwm.c...
creating preprocessor file for timer.c...
compiling timer.c...
creating preprocessor file for uart.c...
compiling uart.c...
creating preprocessor file for main.c...
..\MCU_init.h(27): warning:  #1-D: last line of file ends without a newline
compiling main.c...
..\MCU_init.h(27): warning:  #1-D: last line of file ends without a newline
..\main.c(40): warning:  #177-D: variable "i" was declared but never referenced
..\main.c(90): warning:  #167-D: argument of type "char *" is incompatible with parameter of type "uint8_t *"
..\main.c(75): warning: C3017W: u32ADCvalue may be used before being set
creating preprocessor file for SYS_init.c...
..\KEIL\MCU_init.h(27): warning:  #1-D: last line of file ends without a newline
compiling SYS_init.c...
..\KEIL\MCU_init.h(27): warning:  #1-D: last line of file ends without a newline
creating preprocessor file for LCD.c...
compiling LCD.c...
creating preprocessor file for Seven_Segment.c...
compiling Seven_Segment.c...
linking...
Program Size: Code=4048 RO-data=328 RW-data=92 ZI-data=2324  
User command #1: fromelf --bin ".\obj\Sample.axf" --output ".\obj\Sample.bin"
User command #2: fromelf --text -c ".\obj\Sample.axf" --output ".\obj\Sample.txt"
".\obj\Sample.axf" - 0 Error(s), 5 Warning(s).
Rebuild target 'Sample'
creating preprocessor file for system_NUC100Series.c...
compiling system_NUC100Series.c...
assembling startup_NUC100Series.s...
creating preprocessor file for clk.c...
compiling clk.c...
creating preprocessor file for sys.c...
compiling sys.c...
creating preprocessor file for spi.c...
compiling spi.c...
creating preprocessor file for gpio.c...
compiling gpio.c...
creating preprocessor file for pwm.c...
compiling pwm.c...
creating preprocessor file for timer.c...
compiling timer.c...
creating preprocessor file for uart.c...
compiling uart.c...
creating preprocessor file for main.c...
..\MCU_init.h(27): warning:  #1-D: last line of file ends without a newline
compiling main.c...
..\MCU_init.h(27): warning:  #1-D: last line of file ends without a newline
..\main.c(40): warning:  #177-D: variable "i" was declared but never referenced
..\main.c(90): warning:  #167-D: argument of type "char *" is incompatible with parameter of type "uint8_t *"
..\main.c(75): warning: C3017W: u32ADCvalue may be used before being set
creating preprocessor file for SYS_init.c...
..\KEIL\MCU_init.h(27): warning:  #1-D: last line of file ends without a newline
compiling SYS_init.c...
..\KEIL\MCU_init.h(27): warning:  #1-D: last line of file ends without a newline
creating preprocessor file for LCD.c...
compiling LCD.c...
creating preprocessor file for Seven_Segment.c...
compiling Seven_Segment.c...
linking...
Program Size: Code=4048 RO-data=328 RW-data=92 ZI-data=2324  
User command #1: fromelf --bin ".\obj\Sample.axf" --output ".\obj\Sample.bin"
User command #2: fromelf --text -c ".\obj\Sample.axf" --output ".\obj\Sample.txt"
".\obj\Sample.axf" - 0 Error(s), 5 Warning(s).
