Component: ARM Compiler 5.06 update 7 (build 960) Tool: armlink [4d3601]

==============================================================================

Small function inlining results

Inlined total of 0 calls.

==============================================================================

Memory Map of the image

  Image Entry point : 0x000000d9

  Load Region LR_1 (Base: 0x00000000, Size: 0x00001dd8, Max: 0xffffffff, ABSOLUTE)

    Execution Region ER_RO (Exec base: 0x00000000, Load base: 0x00000000, Size: 0x00001d0c, Max: 0xffffffff, ABSOLUTE)

    Exec Addr    Load Addr    Size         Type   Attr      Idx    E Section Name        Object

    0x00000000   0x00000000   0x000000c0   Data   RO          114    RESET               startup_nuc100series.o
    0x000000c0   0x000000c0   0x00000000   Code   RO         1655  * .ARM.Collect$$$$00000000  mc_p.l(entry.o)
    0x000000c0   0x000000c0   0x00000004   Code   RO         1928    .ARM.Collect$$$$00000001  mc_p.l(entry2.o)
    0x000000c4   0x000000c4   0x00000004   Code   RO         1931    .ARM.Collect$$$$00000004  mc_p.l(entry5.o)
    0x000000c8   0x000000c8   0x00000000   Code   RO         1933    .ARM.Collect$$$$00000008  mc_p.l(entry7b.o)
    0x000000c8   0x000000c8   0x00000000   Code   RO         1935    .ARM.Collect$$$$0000000A  mc_p.l(entry8b.o)
    0x000000c8   0x000000c8   0x00000008   Code   RO         1936    .ARM.Collect$$$$0000000B  mc_p.l(entry9a.o)
    0x000000d0   0x000000d0   0x00000004   Code   RO         1943    .ARM.Collect$$$$0000000E  mc_p.l(entry12b.o)
    0x000000d4   0x000000d4   0x00000000   Code   RO         1938    .ARM.Collect$$$$0000000F  mc_p.l(entry10a.o)
    0x000000d4   0x000000d4   0x00000000   Code   RO         1940    .ARM.Collect$$$$00000011  mc_p.l(entry11a.o)
    0x000000d4   0x000000d4   0x00000004   Code   RO         1929    .ARM.Collect$$$$00002712  mc_p.l(entry2.o)
    0x000000d8   0x000000d8   0x0000004c   Code   RO          115  * .text               startup_nuc100series.o
    0x00000124   0x00000124   0x0000002c   Code   RO         1656    .text               mc_p.l(uidiv.o)
    0x00000150   0x00000150   0x00000024   Code   RO         1658    .text               mc_p.l(rand.o)
    0x00000174   0x00000174   0x00000024   Code   RO         1661    .text               mc_p.l(memcpya.o)
    0x00000198   0x00000198   0x00000024   Code   RO         1960    .text               mc_p.l(init.o)
    0x000001bc   0x000001bc   0x00000000   Code   RO         1962    .text               mc_p.l(semi.o)
    0x000001bc   0x000001bc   0x00000000   Code   RO         1969    .text               mc_p.l(iusesemip.o)
    0x000001bc   0x000001bc   0x00000024   Code   RO          857    i.ADC_DisableInt    adc.o
    0x000001e0   0x000001e0   0x00000024   Code   RO          859    i.ADC_EnableInt     adc.o
    0x00000204   0x00000204   0x00000020   Code   RO         1034    i.ADC_IRQHandler    main.o
    0x00000224   0x00000224   0x00000020   Code   RO          860    i.ADC_Open          adc.o
    0x00000244   0x00000244   0x00000030   Code   RO          127    i.CLK_EnableModuleClock  clk.o
    0x00000274   0x00000274   0x00000198   Code   RO          128    i.CLK_EnablePLL     clk.o
    0x0000040c   0x0000040c   0x00000010   Code   RO          130    i.CLK_EnableXtalRC  clk.o
    0x0000041c   0x0000041c   0x00000010   Code   RO          132    i.CLK_GetHCLKFreq   clk.o
    0x0000042c   0x0000042c   0x00000058   Code   RO          272    i.CLK_GetPLLClockFreq  spi.o
    0x00000484   0x00000484   0x00000058   Code   RO          905    i.CLK_GetPLLClockFreq  uart.o
    0x000004dc   0x000004dc   0x00000078   Code   RO          138    i.CLK_SetCoreClock  clk.o
    0x00000554   0x00000554   0x00000048   Code   RO          139    i.CLK_SetHCLK       clk.o
    0x0000059c   0x0000059c   0x000000cc   Code   RO          140    i.CLK_SetModuleClock  clk.o
    0x00000668   0x00000668   0x0000002c   Code   RO          142    i.CLK_WaitClockReady  clk.o
    0x00000694   0x00000694   0x00000014   Code   RO         1433    i.CloseSevenSegment  seven_segment.o
    0x000006a8   0x000006a8   0x00000010   Code   RO         1035    i.EINT1_IRQHandler  main.o
    0x000006b8   0x000006b8   0x000000cc   Code   RO         1036    i.GPAB_IRQHandler   main.o
    0x00000784   0x00000784   0x0000001a   Code   RO          385    i.GPIO_EnableInt    gpio.o
    0x0000079e   0x0000079e   0x00000028   Code   RO          386    i.GPIO_SetMode      gpio.o
    0x000007c6   0x000007c6   0x00000002   PAD
    0x000007c8   0x000007c8   0x0000019c   Code   RO         1037    i.Init_ALL          main.o
    0x00000964   0x00000964   0x00000014   Code   RO         1038    i.NVIC_EnableIRQ    main.o
    0x00000978   0x00000978   0x00000048   Code   RO         1619    i.OpenKeyPad        scankey.o
    0x000009c0   0x000009c0   0x00000044   Code   RO         1434    i.OpenSevenSegment  seven_segment.o
    0x00000a04   0x00000a04   0x0000015c   Code   RO          683    i.PWM_ConfigOutputChannel  pwm.o
    0x00000b60   0x00000b60   0x00000008   Code   RO          689    i.PWM_DisableOutput  pwm.o
    0x00000b68   0x00000b68   0x00000008   Code   RO          696    i.PWM_EnableOutput  pwm.o
    0x00000b70   0x00000b70   0x00000026   Code   RO          703    i.PWM_Start         pwm.o
    0x00000b96   0x00000b96   0x0000000a   Code   RO          277    i.SPI_DisableAutoSS  spi.o
    0x00000ba0   0x00000ba0   0x0000016c   Code   RO          286    i.SPI_Open          spi.o
    0x00000d0c   0x00000d0c   0x0000012c   Code   RO         1404    i.SYS_Init          sys_init.o
    0x00000e38   0x00000e38   0x00000038   Code   RO         1435    i.ShowSevenSegment  seven_segment.o
    0x00000e70   0x00000e70   0x00000090   Code   RO            3    i.SystemCoreClockUpdate  system_nuc100series.o
    0x00000f00   0x00000f00   0x00000002   Code   RO            4    i.SystemInit        system_nuc100series.o
    0x00000f02   0x00000f02   0x00000002   PAD
    0x00000f04   0x00000f04   0x00000068   Code   RO          499    i.TIMER_GetModuleClock  timer.o
    0x00000f6c   0x00000f6c   0x0000005e   Code   RO          500    i.TIMER_Open        timer.o
    0x00000fca   0x00000fca   0x00000002   PAD
    0x00000fcc   0x00000fcc   0x00000064   Code   RO         1039    i.TMR0_IRQHandler   main.o
    0x00001030   0x00001030   0x000000b4   Code   RO         1040    i.TMR1_IRQHandler   main.o
    0x000010e4   0x000010e4   0x00000060   Code   RO         1041    i.UART02_IRQHandler  main.o
    0x00001144   0x00001144   0x00000088   Code   RO          912    i.UART_Open         uart.o
    0x000011cc   0x000011cc   0x0000002c   Code   RO          913    i.UART_Read         uart.o
    0x000011f8   0x000011f8   0x0000002c   Code   RO          919    i.UART_Write        uart.o
    0x00001224   0x00001224   0x00000020   Code   RO         1822    i.__0printf$6       mc_p.l(printf6.o)
    0x00001244   0x00001244   0x00000028   Code   RO         1824    i.__0sprintf$6      mc_p.l(printf6.o)
    0x0000126c   0x0000126c   0x0000001a   Code   RO         1133    i.__ARM_common_switch8  main.o
    0x00001286   0x00001286   0x0000000e   Code   RO         1976    i.__scatterload_copy  mc_p.l(handlers.o)
    0x00001294   0x00001294   0x00000002   Code   RO         1977    i.__scatterload_null  mc_p.l(handlers.o)
    0x00001296   0x00001296   0x0000000e   Code   RO         1978    i.__scatterload_zeroinit  mc_p.l(handlers.o)
    0x000012a4   0x000012a4   0x00000304   Code   RO         1829    i._printf_core      mc_p.l(printf6.o)
    0x000015a8   0x000015a8   0x00000020   Code   RO         1830    i._printf_post_padding  mc_p.l(printf6.o)
    0x000015c8   0x000015c8   0x0000002c   Code   RO         1831    i._printf_pre_padding  mc_p.l(printf6.o)
    0x000015f4   0x000015f4   0x0000000a   Code   RO         1833    i._sputc            mc_p.l(printf6.o)
    0x000015fe   0x000015fe   0x00000002   PAD
    0x00001600   0x00001600   0x00000054   Code   RO         1207    i.clear_LCD         lcd.o
    0x00001654   0x00001654   0x0000004a   Code   RO         1220    i.draw_Bmp32x8      lcd.o
    0x0000169e   0x0000169e   0x0000004a   Code   RO         1223    i.draw_Bmp8x8       lcd.o
    0x000016e8   0x000016e8   0x00000048   Code   RO         1225    i.draw_Pixel        lcd.o
    0x00001730   0x00001730   0x00000012   Code   RO         1944    i.fputc             mc_p.l(fputc.o)
    0x00001742   0x00001742   0x00000002   PAD
    0x00001744   0x00001744   0x0000005c   Code   RO         1042    i.getVR             main.o
    0x000017a0   0x000017a0   0x00000026   Code   RO         1226    i.init_LCD          lcd.o
    0x000017c6   0x000017c6   0x00000002   PAD
    0x000017c8   0x000017c8   0x00000024   Code   RO         1227    i.init_SPI3         lcd.o
    0x000017ec   0x000017ec   0x0000005c   Code   RO         1043    i.judgedown         main.o
    0x00001848   0x00001848   0x0000005c   Code   RO         1044    i.judgeup           main.o
    0x000018a4   0x000018a4   0x00000070   Code   RO         1228    i.lcdSetAddr        lcd.o
    0x00001914   0x00001914   0x00000028   Code   RO         1229    i.lcdWriteCommand   lcd.o
    0x0000193c   0x0000193c   0x0000002c   Code   RO         1230    i.lcdWriteData      lcd.o
    0x00001968   0x00001968   0x000001f4   Code   RO         1045    i.main              main.o
    0x00001b5c   0x00001b5c   0x00000040   Code   RO         1046    i.setUARTWrite      main.o
    0x00001b9c   0x00001b9c   0x00000038   Data   RO          143    .constdata          clk.o
    0x00001bd4   0x00001bd4   0x00000020   Data   RO          501    .constdata          timer.o
    0x00001bf4   0x00001bf4   0x000000c8   Data   RO          705    .constdata          pwm.o
    0x00001cbc   0x00001cbc   0x00000030   Data   RO          920    .constdata          uart.o
    0x00001cec   0x00001cec   0x00000020   Data   RO         1974    Region$$Table       anon$$obj.o


    Execution Region ER_RW (Exec base: 0x20000000, Load base: 0x00001d0c, Size: 0x000000cc, Max: 0xffffffff, ABSOLUTE)

    Exec Addr    Load Addr    Size         Type   Attr      Idx    E Section Name        Object

    0x20000000   0x00001d0c   0x0000002c   Data   RW            5    .data               system_nuc100series.o
    0x2000002c   0x00001d38   0x00000088   Data   RW         1049    .data               main.o
    0x200000b4   0x00001dc0   0x00000010   Data   RW         1436    .data               seven_segment.o
    0x200000c4   0x00001dd0   0x00000004   Data   RW         1659    .data               mc_p.l(rand.o)
    0x200000c8   0x00001dd4   0x00000004   Data   RW         1946    .data               mc_p.l(stdout.o)


    Execution Region ER_ZI (Exec base: 0x200000cc, Load base: 0x00001dd8, Size: 0x0000081c, Max: 0xffffffff, ABSOLUTE)

    Exec Addr    Load Addr    Size         Type   Attr      Idx    E Section Name        Object

    0x200000cc        -       0x0000001c   Zero   RW         1047    .bss                main.o
    0x200000e8        -       0x00000400   Zero   RW         1236    .bss                lcd.o
    0x200004e8        -       0x00000400   Zero   RW          112    STACK               startup_nuc100series.o


==============================================================================

Image component sizes


      Code (inc. data)   RO Data    RW Data    ZI Data      Debug   Object Name

       104          6          0          0          0       2284   adc.o
       928        126         56          0          0       6996   clk.o
        66          0          0          0          0       1732   gpio.o
       574         34          0          0       1024       8236   lcd.o
      1926        234          0        136         28     110162   main.o
       402         20        200          0          0       3661   pwm.o
        72          6          0          0          0        549   scankey.o
       144         28          0         16          0       2908   seven_segment.o
       462         34          0          0          0       3119   spi.o
        76         32        192          0       1024        772   startup_nuc100series.o
       300         40          0          0          0      35307   sys_init.o
       146         26          0         44          0     118319   system_nuc100series.o
       198         22         32          0          0       2124   timer.o
       312         34         48          0          0      96061   uart.o

    ----------------------------------------------------------------------
      5718        642        560        196       2076     392230   Object Totals
         0          0         32          0          0          0   (incl. Generated)
         8          0          0          0          0          0   (incl. Padding)

    ----------------------------------------------------------------------

      Code (inc. data)   RO Data    RW Data    ZI Data      Debug   Library Member Name

         0          0          0          0          0          0   entry.o
         0          0          0          0          0          0   entry10a.o
         0          0          0          0          0          0   entry11a.o
         4          0          0          0          0          0   entry12b.o
         8          4          0          0          0          0   entry2.o
         4          0          0          0          0          0   entry5.o
         0          0          0          0          0          0   entry7b.o
         0          0          0          0          0          0   entry8b.o
         8          4          0          0          0          0   entry9a.o
        18          0          0          0          0         72   fputc.o
        30          0          0          0          0          0   handlers.o
        36          8          0          0          0         68   init.o
         0          0          0          0          0          0   iusesemip.o
        36          0          0          0          0         60   memcpya.o
       930         16          0          0          0        468   printf6.o
        36         12          0          4          0        120   rand.o
         0          0          0          0          0          0   semi.o
         0          0          0          4          0          0   stdout.o
        44          0          0          0          0         72   uidiv.o

    ----------------------------------------------------------------------
      1158         44          0          8          0        860   Library Totals
         4          0          0          0          0          0   (incl. Padding)

    ----------------------------------------------------------------------

      Code (inc. data)   RO Data    RW Data    ZI Data      Debug   Library Name

      1154         44          0          8          0        860   mc_p.l

    ----------------------------------------------------------------------
      1158         44          0          8          0        860   Library Totals

    ----------------------------------------------------------------------

==============================================================================


      Code (inc. data)   RO Data    RW Data    ZI Data      Debug   

      6876        686        560        204       2076     390514   Grand Totals
      6876        686        560        204       2076     390514   ELF Image Totals
      6876        686        560        204          0          0   ROM Totals

==============================================================================

    Total RO  Size (Code + RO Data)                 7436 (   7.26kB)
    Total RW  Size (RW Data + ZI Data)              2280 (   2.23kB)
    Total ROM Size (Code + RO Data + RW Data)       7640 (   7.46kB)

==============================================================================

