Component: ARM Compiler 5.06 update 7 (build 960) Tool: armlink [4d3601]

==============================================================================

Small function inlining results

Inlined total of 0 calls.

==============================================================================

Memory Map of the image

  Image Entry point : 0x000000d9

  Load Region LR_1 (Base: 0x00000000, Size: 0x00002248, Max: 0xffffffff, ABSOLUTE)

    Execution Region ER_RO (Exec base: 0x00000000, Load base: 0x00000000, Size: 0x000019b0, Max: 0xffffffff, ABSOLUTE)

    Exec Addr    Load Addr    Size         Type   Attr      Idx    E Section Name        Object

    0x00000000   0x00000000   0x000000c0   Data   RO          114    RESET               startup_nuc100series.o
    0x000000c0   0x000000c0   0x00000000   Code   RO         1544  * .ARM.Collect$$$$00000000  mc_p.l(entry.o)
    0x000000c0   0x000000c0   0x00000004   Code   RO         1816    .ARM.Collect$$$$00000001  mc_p.l(entry2.o)
    0x000000c4   0x000000c4   0x00000004   Code   RO         1819    .ARM.Collect$$$$00000004  mc_p.l(entry5.o)
    0x000000c8   0x000000c8   0x00000000   Code   RO         1821    .ARM.Collect$$$$00000008  mc_p.l(entry7b.o)
    0x000000c8   0x000000c8   0x00000000   Code   RO         1823    .ARM.Collect$$$$0000000A  mc_p.l(entry8b.o)
    0x000000c8   0x000000c8   0x00000008   Code   RO         1824    .ARM.Collect$$$$0000000B  mc_p.l(entry9a.o)
    0x000000d0   0x000000d0   0x00000004   Code   RO         1831    .ARM.Collect$$$$0000000E  mc_p.l(entry12b.o)
    0x000000d4   0x000000d4   0x00000000   Code   RO         1826    .ARM.Collect$$$$0000000F  mc_p.l(entry10a.o)
    0x000000d4   0x000000d4   0x00000000   Code   RO         1828    .ARM.Collect$$$$00000011  mc_p.l(entry11a.o)
    0x000000d4   0x000000d4   0x00000004   Code   RO         1817    .ARM.Collect$$$$00002712  mc_p.l(entry2.o)
    0x000000d8   0x000000d8   0x0000004c   Code   RO          115  * .text               startup_nuc100series.o
    0x00000124   0x00000124   0x0000002c   Code   RO         1545    .text               mc_p.l(uidiv.o)
    0x00000150   0x00000150   0x00000024   Code   RO         1547    .text               mc_p.l(rand.o)
    0x00000174   0x00000174   0x00000024   Code   RO         1550    .text               mc_p.l(memcpya.o)
    0x00000198   0x00000198   0x0000000e   Code   RO         1552    .text               mc_p.l(strlen.o)
    0x000001a6   0x000001a6   0x00000002   PAD
    0x000001a8   0x000001a8   0x00000024   Code   RO         1848    .text               mc_p.l(init.o)
    0x000001cc   0x000001cc   0x00000024   Code   RO          857    i.ADC_DisableInt    adc.o
    0x000001f0   0x000001f0   0x00000024   Code   RO          859    i.ADC_EnableInt     adc.o
    0x00000214   0x00000214   0x00000020   Code   RO          905    i.ADC_IRQHandler    main.o
    0x00000234   0x00000234   0x00000020   Code   RO          860    i.ADC_Open          adc.o
    0x00000254   0x00000254   0x00000030   Code   RO          127    i.CLK_EnableModuleClock  clk.o
    0x00000284   0x00000284   0x00000198   Code   RO          128    i.CLK_EnablePLL     clk.o
    0x0000041c   0x0000041c   0x00000010   Code   RO          130    i.CLK_EnableXtalRC  clk.o
    0x0000042c   0x0000042c   0x00000010   Code   RO          132    i.CLK_GetHCLKFreq   clk.o
    0x0000043c   0x0000043c   0x00000058   Code   RO          272    i.CLK_GetPLLClockFreq  spi.o
    0x00000494   0x00000494   0x00000078   Code   RO          138    i.CLK_SetCoreClock  clk.o
    0x0000050c   0x0000050c   0x00000048   Code   RO          139    i.CLK_SetHCLK       clk.o
    0x00000554   0x00000554   0x000000cc   Code   RO          140    i.CLK_SetModuleClock  clk.o
    0x00000620   0x00000620   0x00000024   Code   RO          906    i.CLK_SysTickDelay  main.o
    0x00000644   0x00000644   0x0000002c   Code   RO          142    i.CLK_WaitClockReady  clk.o
    0x00000670   0x00000670   0x00000014   Code   RO         1322    i.CloseSevenSegment  seven_segment.o
    0x00000684   0x00000684   0x00000010   Code   RO          907    i.EINT1_IRQHandler  main.o
    0x00000694   0x00000694   0x000000cc   Code   RO          908    i.GPAB_IRQHandler   main.o
    0x00000760   0x00000760   0x0000001a   Code   RO          385    i.GPIO_EnableInt    gpio.o
    0x0000077a   0x0000077a   0x00000028   Code   RO          386    i.GPIO_SetMode      gpio.o
    0x000007a2   0x000007a2   0x00000002   PAD
    0x000007a4   0x000007a4   0x00000180   Code   RO          909    i.Init_ALL          main.o
    0x00000924   0x00000924   0x00000014   Code   RO          910    i.NVIC_EnableIRQ    main.o
    0x00000938   0x00000938   0x00000048   Code   RO         1508    i.OpenKeyPad        scankey.o
    0x00000980   0x00000980   0x00000044   Code   RO         1323    i.OpenSevenSegment  seven_segment.o
    0x000009c4   0x000009c4   0x0000015c   Code   RO          683    i.PWM_ConfigOutputChannel  pwm.o
    0x00000b20   0x00000b20   0x00000008   Code   RO          689    i.PWM_DisableOutput  pwm.o
    0x00000b28   0x00000b28   0x00000008   Code   RO          696    i.PWM_EnableOutput  pwm.o
    0x00000b30   0x00000b30   0x00000026   Code   RO          703    i.PWM_Start         pwm.o
    0x00000b56   0x00000b56   0x0000000a   Code   RO          277    i.SPI_DisableAutoSS  spi.o
    0x00000b60   0x00000b60   0x0000016c   Code   RO          286    i.SPI_Open          spi.o
    0x00000ccc   0x00000ccc   0x00000158   Code   RO         1290    i.SYS_Init          sys_init.o
    0x00000e24   0x00000e24   0x00000038   Code   RO         1324    i.ShowSevenSegment  seven_segment.o
    0x00000e5c   0x00000e5c   0x00000090   Code   RO            3    i.SystemCoreClockUpdate  system_nuc100series.o
    0x00000eec   0x00000eec   0x00000002   Code   RO            4    i.SystemInit        system_nuc100series.o
    0x00000eee   0x00000eee   0x00000002   PAD
    0x00000ef0   0x00000ef0   0x00000068   Code   RO          499    i.TIMER_GetModuleClock  timer.o
    0x00000f58   0x00000f58   0x0000005e   Code   RO          500    i.TIMER_Open        timer.o
    0x00000fb6   0x00000fb6   0x00000002   PAD
    0x00000fb8   0x00000fb8   0x00000064   Code   RO          911    i.TMR0_IRQHandler   main.o
    0x0000101c   0x0000101c   0x000000b4   Code   RO          912    i.TMR1_IRQHandler   main.o
    0x000010d0   0x000010d0   0x00000028   Code   RO         1559    i.__0sprintf$bare   mc_p.l(printfb.o)
    0x000010f8   0x000010f8   0x0000001a   Code   RO          997    i.__ARM_common_switch8  main.o
    0x00001112   0x00001112   0x0000000e   Code   RO         1864    i.__scatterload_copy  mc_p.l(handlers.o)
    0x00001120   0x00001120   0x00000002   Code   RO         1865    i.__scatterload_null  mc_p.l(handlers.o)
    0x00001122   0x00001122   0x0000000e   Code   RO         1866    i.__scatterload_zeroinit  mc_p.l(handlers.o)
    0x00001130   0x00001130   0x0000001e   Code   RO         1564    i._printf_core      mc_p.l(printfb.o)
    0x0000114e   0x0000114e   0x0000000a   Code   RO         1566    i._sputc            mc_p.l(printfb.o)
    0x00001158   0x00001158   0x00000054   Code   RO         1075    i.clear_LCD         lcd.o
    0x000011ac   0x000011ac   0x0000004a   Code   RO         1088    i.draw_Bmp32x8      lcd.o
    0x000011f6   0x000011f6   0x0000004a   Code   RO         1091    i.draw_Bmp8x8       lcd.o
    0x00001240   0x00001240   0x00000048   Code   RO         1093    i.draw_Pixel        lcd.o
    0x00001288   0x00001288   0x00000044   Code   RO          913    i.getVR             main.o
    0x000012cc   0x000012cc   0x00000026   Code   RO         1094    i.init_LCD          lcd.o
    0x000012f2   0x000012f2   0x00000002   PAD
    0x000012f4   0x000012f4   0x00000024   Code   RO         1095    i.init_SPI3         lcd.o
    0x00001318   0x00001318   0x0000005c   Code   RO          914    i.judgedown         main.o
    0x00001374   0x00001374   0x00000058   Code   RO          915    i.judgeup           main.o
    0x000013cc   0x000013cc   0x00000070   Code   RO         1096    i.lcdSetAddr        lcd.o
    0x0000143c   0x0000143c   0x00000028   Code   RO         1097    i.lcdWriteCommand   lcd.o
    0x00001464   0x00001464   0x0000002c   Code   RO         1098    i.lcdWriteData      lcd.o
    0x00001490   0x00001490   0x000002d0   Code   RO          916    i.main              main.o
    0x00001760   0x00001760   0x0000005c   Code   RO         1099    i.printC            lcd.o
    0x000017bc   0x000017bc   0x00000024   Code   RO         1103    i.print_Line        lcd.o
    0x000017e0   0x000017e0   0x00000038   Data   RO          143    .constdata          clk.o
    0x00001818   0x00001818   0x00000020   Data   RO          501    .constdata          timer.o
    0x00001838   0x00001838   0x000000c8   Data   RO          705    .constdata          pwm.o
    0x00001900   0x00001900   0x00000090   Data   RO          918    .constdata          main.o
    0x00001990   0x00001990   0x00000020   Data   RO         1862    Region$$Table       anon$$obj.o


    Execution Region ER_RW (Exec base: 0x20000000, Load base: 0x000019b0, Size: 0x00000898, Max: 0xffffffff, ABSOLUTE)

    Exec Addr    Load Addr    Size         Type   Attr      Idx    E Section Name        Object

    0x20000000   0x000019b0   0x0000002c   Data   RW            5    .data               system_nuc100series.o
    0x2000002c   0x000019dc   0x00000088   Data   RW          920    .data               main.o
    0x200000b4   0x00001a64   0x000007d0   Data   RW         1105    .data               lcd.o
    0x20000884   0x00002234   0x00000010   Data   RW         1325    .data               seven_segment.o
    0x20000894   0x00002244   0x00000004   Data   RW         1548    .data               mc_p.l(rand.o)


    Execution Region ER_ZI (Exec base: 0x20000898, Load base: 0x00002248, Size: 0x00000810, Max: 0xffffffff, ABSOLUTE)

    Exec Addr    Load Addr    Size         Type   Attr      Idx    E Section Name        Object

    0x20000898        -       0x00000010   Zero   RW          917    .bss                main.o
    0x200008a8        -       0x00000400   Zero   RW         1104    .bss                lcd.o
    0x20000ca8        -       0x00000400   Zero   RW          112    STACK               startup_nuc100series.o


==============================================================================

Image component sizes


      Code (inc. data)   RO Data    RW Data    ZI Data      Debug   Object Name

       104          6          0          0          0       2248   adc.o
       928        126         56          0          0       6924   clk.o
        66          0          0          0          0       1700   gpio.o
       702         38          0       2000       1024       9490   lcd.o
      1966        214        144        136         16     109431   main.o
       402         20        200          0          0       3613   pwm.o
        72          6          0          0          0        541   scankey.o
       144         28          0         16          0       2868   seven_segment.o
       462         34          0          0          0       3087   spi.o
        76         32        192          0       1024        764   startup_nuc100series.o
       344         48          0          0          0      35319   sys_init.o
       146         26          0         44          0     118263   system_nuc100series.o
       198         22         32          0          0       2096   timer.o

    ----------------------------------------------------------------------
      5618        600        656       2196       2064     296344   Object Totals
         0          0         32          0          0          0   (incl. Generated)
         8          0          0          0          0          0   (incl. Padding)

    ----------------------------------------------------------------------

      Code (inc. data)   RO Data    RW Data    ZI Data      Debug   Library Member Name

         0          0          0          0          0          0   entry.o
         0          0          0          0          0          0   entry10a.o
         0          0          0          0          0          0   entry11a.o
         4          0          0          0          0          0   entry12b.o
         8          4          0          0          0          0   entry2.o
         4          0          0          0          0          0   entry5.o
         0          0          0          0          0          0   entry7b.o
         0          0          0          0          0          0   entry8b.o
         8          4          0          0          0          0   entry9a.o
        30          0          0          0          0          0   handlers.o
        36          8          0          0          0         68   init.o
        36          0          0          0          0         60   memcpya.o
        80          6          0          0          0        220   printfb.o
        36         12          0          4          0        120   rand.o
        14          0          0          0          0         60   strlen.o
        44          0          0          0          0         72   uidiv.o

    ----------------------------------------------------------------------
       302         34          0          4          0        600   Library Totals
         2          0          0          0          0          0   (incl. Padding)

    ----------------------------------------------------------------------

      Code (inc. data)   RO Data    RW Data    ZI Data      Debug   Library Name

       300         34          0          4          0        600   mc_p.l

    ----------------------------------------------------------------------
       302         34          0          4          0        600   Library Totals

    ----------------------------------------------------------------------

==============================================================================


      Code (inc. data)   RO Data    RW Data    ZI Data      Debug   

      5920        634        656       2200       2064     294632   Grand Totals
      5920        634        656       2200       2064     294632   ELF Image Totals
      5920        634        656       2200          0          0   ROM Totals

==============================================================================

    Total RO  Size (Code + RO Data)                 6576 (   6.42kB)
    Total RW  Size (RW Data + ZI Data)              4264 (   4.16kB)
    Total ROM Size (Code + RO Data + RW Data)       8776 (   8.57kB)

==============================================================================

