<html>
<body>
<pre>
<h1>µVision Build Log</h1>
<h2>Tool Versions:</h2>
IDE-Version: £gVision V5.29.0.0
Copyright (C) 2019 ARM Ltd and ARM Germany GmbH. All rights reserved.
License Information: Richard Kuo , NTOU, LIC=----
 
Tool Versions:
Toolchain:       MDK-Lite  Version: 5.29.0.0
Toolchain Path:  C:\Keil_v5\ARM\ARMCC\Bin
C Compiler:      Armcc.exe V5.06 update 6 (build 750)
Assembler:       Armasm.exe V5.06 update 6 (build 750)
Linker/Locator:  ArmLink.exe V5.06 update 6 (build 750)
Library Manager: ArmAr.exe V5.06 update 6 (build 750)
Hex Converter:   FromElf.exe V5.06 update 6 (build 750)
CPU DLL:         SARMCM3.DLL V5.29.0.0
Dialog DLL:      DARMCM1.DLL V1.19.2.0
Target DLL:      Nu_Link.dll V2.04
Dialog DLL:      TARMCM1.DLL V1.14.1.0
 
<h2>Project:</h2>
C:\Users\RKUO\Documents\MCU\NuMicro\SampleCode\Nu-LB-NUC140_BSP3.00.004_v1.4\SampleCode\Nu-LB-NUC140\PWM_Music\KEIL\Nu-LB-NUC140_PWM.uvproj
Project File Date:  05/04/2020

<h2>Output:</h2>
*** Using Compiler 'V5.06 update 6 (build 750)', folder: 'C:\Keil_v5\ARM\ARMCC\Bin'
Build target 'PWM'
assembling startup_NUC100Series.s...
creating preprocessor file for clk.c...
creating preprocessor file for system_NUC100Series.c...
creating preprocessor file for pwm.c...
creating preprocessor file for sys.c...
creating preprocessor file for gpio.c...
compiling system_NUC100Series.c...
creating preprocessor file for SYS_init.c...
compiling gpio.c...
compiling pwm.c...
compiling sys.c...
compiling clk.c...
creating preprocessor file for main.c...
compiling main.c...
compiling SYS_init.c...
linking...
Program Size: Code=2096 RO-data=912 RW-data=44 ZI-data=1028  
After Build - User command #1: fromelf --bin ".\obj\PWM_Music.axf" --output ".\obj\PWM_Music.bin"
After Build - User command #2: fromelf --text -c ".\obj\PWM_Music.axf" --output ".\obj\PWM_Music.txt"
".\obj\PWM_Music.axf" - 0 Error(s), 0 Warning(s).
Build Time Elapsed:  00:00:03
</pre>
</body>
</html>
